Bugs everywhere in this project.
All bugs fixed, everything should be fine now.